// Jest Snapshot v1, https://goo.gl/fbAQLP

exports[`Login takes a snapshot 1`] = `
<Provider
  store={
    Object {
      "@@observable": [Function],
      "dispatch": [Function],
      "getState": [Function],
      "replaceReducer": [Function],
      "subscribe": [Function],
    }
  }
>
  <Comments
    review={
      Object {
        "id": 0,
        "productId": 0,
        "rate": "",
        "text": "",
        "userId": 0,
        "userName": "",
      }
    }
  />
</Provider>
`;
